05:52:43 **** Incremental Build of configuration Debug for project IOpinRead ****
make -j4 all 
arm-none-eabi-gcc "../Src/main.c" -mcpu=cortex-m4 -std=gnu11 -g3 -DNUCLEO_F401RE -DSTM32 -DSTM32F401RETx -DSTM32F4 -DDEBUG -c -I../Inc -O0 -ffunction-sections -fdata-sections -Wall -fstack-usage -MMD -MP -MF"Src/main.d" -MT"Src/main.o" --specs=nano.specs -mfloat-abi=soft -mthumb -o "Src/main.o"
arm-none-eabi-gcc -o "IOpinRead.elf" @"objects.list"   -mcpu=cortex-m4 -T"C:\Users\VRUnleashed\Documents\Embedded-C\My_workspace\target\IOpinRead\STM32F401RETX_FLASH.ld" --specs=nosys.specs -Wl,-Map="IOpinRead.map" -Wl,--gc-sections -static --specs=nano.specs -mfloat-abi=soft -mthumb -Wl,--start-group -lc -lm -Wl,--end-group
Finished building target: IOpinRead.elf
 
arm-none-eabi-objdump -h -S  IOpinRead.elf  > "IOpinRead.list"
arm-none-eabi-objcopy  -O binary  IOpinRead.elf  "IOpinRead.bin"
arm-none-eabi-size   IOpinRead.elf 
   text	   data	    bss	    dec	    hex	filename
    776	      8	   1568	   2352	    930	IOpinRead.elf
Finished building: default.size.stdout
 
Finished building: IOpinRead.list
Finished building: IOpinRead.bin
 
 

05:52:44 Build Finished. 0 errors, 0 warnings. (took 733ms)

