10:27:12 **** Incremental Build of configuration Debug for project ledToggleBitFields ****
make -j4 all 
arm-none-eabi-gcc "../Src/main.c" -mcpu=cortex-m4 -std=gnu11 -g3 -DNUCLEO_F401RE -DSTM32 -DSTM32F401RETx -DSTM32F4 -DDEBUG -c -I../Inc -O0 -ffunction-sections -fdata-sections -Wall -fstack-usage -MMD -MP -MF"Src/main.d" -MT"Src/main.o" --specs=nano.specs -mfloat-abi=soft -mthumb -o "Src/main.o"
arm-none-eabi-gcc -o "ledToggleBitFields.elf" @"objects.list"   -mcpu=cortex-m4 -T"C:\Users\VRUnleashed\Documents\Embedded-C\My_workspace\target\ledToggleBitFields\STM32F401RETX_FLASH.ld" --specs=nosys.specs -Wl,-Map="ledToggleBitFields.map" -Wl,--gc-sections -static --specs=nano.specs -mfloat-abi=soft -mthumb -Wl,--start-group -lc -lm -Wl,--end-group
Finished building target: ledToggleBitFields.elf
 
arm-none-eabi-objdump -h -S  ledToggleBitFields.elf  > "ledToggleBitFields.list"
arm-none-eabi-objcopy  -O binary  ledToggleBitFields.elf  "ledToggleBitFields.bin"
arm-none-eabi-size   ledToggleBitFields.elf 
   text	   data	    bss	    dec	    hex	filename
    768	      8	   1568	   2344	    928	ledToggleBitFields.elf
Finished building: default.size.stdout
 
Finished building: ledToggleBitFields.bin
 
Finished building: ledToggleBitFields.list
 

10:27:14 Build Finished. 0 errors, 0 warnings. (took 1s.950ms)

