03:32:45 **** Incremental Build of configuration Debug for project ledToggle ****
make -j4 all 
arm-none-eabi-gcc "../Src/main.c" -mcpu=cortex-m4 -std=gnu11 -g3 -DNUCLEO_F401RE -DSTM32 -DSTM32F401RETx -DSTM32F4 -DDEBUG -c -I../Inc -O0 -ffunction-sections -fdata-sections -Wall -fstack-usage -MMD -MP -MF"Src/main.d" -MT"Src/main.o" --specs=nano.specs -mfloat-abi=soft -mthumb -o "Src/main.o"
arm-none-eabi-gcc -o "ledToggle.elf" @"objects.list"   -mcpu=cortex-m4 -T"C:\Users\VRUnleashed\Documents\Embedded-C\My_workspace\target\ledToggle\STM32F401RETX_FLASH.ld" --specs=nosys.specs -Wl,-Map="ledToggle.map" -Wl,--gc-sections -static --specs=nano.specs -mfloat-abi=soft -mthumb -Wl,--start-group -lc -lm -Wl,--end-group
Finished building target: ledToggle.elf
 
arm-none-eabi-objdump -h -S  ledToggle.elf  > "ledToggle.list"
arm-none-eabi-objcopy  -O binary  ledToggle.elf  "ledToggle.bin"
arm-none-eabi-size   ledToggle.elf 
   text	   data	    bss	    dec	    hex	filename
    784	      8	   1568	   2360	    938	ledToggle.elf
Finished building: default.size.stdout
 
Finished building: ledToggle.bin
 
Finished building: ledToggle.list
 

03:32:50 Build Finished. 0 errors, 0 warnings. (took 4s.462ms)

